[2026-06-08T08:02:56.622+0000] {local_task_job_runner.py:120} INFO - ::group::Pre task execution logs
[2026-06-08T08:02:56.674+0000] {taskinstance.py:2076} INFO - Dependencies all met for dep_context=non-requeueable deps ti=<TaskInstance: ecommerce_distributed_dw_etl.verify_warehouse manual__2026-06-08T08:02:22.361515+00:00 [queued]>
[2026-06-08T08:02:56.680+0000] {taskinstance.py:2076} INFO - Dependencies all met for dep_context=requeueable deps ti=<TaskInstance: ecommerce_distributed_dw_etl.verify_warehouse manual__2026-06-08T08:02:22.361515+00:00 [queued]>
[2026-06-08T08:02:56.680+0000] {taskinstance.py:2306} INFO - Starting attempt 1 of 2
[2026-06-08T08:02:56.687+0000] {taskinstance.py:2330} INFO - Executing <Task(BashOperator): verify_warehouse> on 2026-06-08 08:02:22.361515+00:00
[2026-06-08T08:02:56.692+0000] {standard_task_runner.py:90} INFO - Running: ['***', 'tasks', 'run', 'ecommerce_distributed_dw_etl', 'verify_warehouse', 'manual__2026-06-08T08:02:22.361515+00:00', '--job-id', '5', '--raw', '--subdir', 'DAGS_FOLDER/ecommerce_etl_dag.py', '--cfg-path', '/tmp/tmpn32_v_ye']
[2026-06-08T08:02:56.693+0000] {standard_task_runner.py:91} INFO - Job 5: Subtask verify_warehouse
[2026-06-08T08:02:56.695+0000] {logging_mixin.py:188} WARNING - /home/***/.local/lib/python3.12/site-packages/***/task/task_runner/standard_task_runner.py:62 DeprecationWarning: This process (pid=213) is multi-threaded, use of fork() may lead to deadlocks in the child.
[2026-06-08T08:02:56.696+0000] {standard_task_runner.py:64} INFO - Started process 214 to run task
[2026-06-08T08:02:56.736+0000] {task_command.py:426} INFO - Running <TaskInstance: ecommerce_distributed_dw_etl.verify_warehouse manual__2026-06-08T08:02:22.361515+00:00 [running]> on host a9aaf28a79ea
[2026-06-08T08:02:56.787+0000] {taskinstance.py:2648} INFO - Exporting env vars: AIRFLOW_CTX_DAG_OWNER='ecommerce_dw_team' AIRFLOW_CTX_DAG_ID='ecommerce_distributed_dw_etl' AIRFLOW_CTX_TASK_ID='verify_warehouse' AIRFLOW_CTX_EXECUTION_DATE='2026-06-08T08:02:22.361515+00:00' AIRFLOW_CTX_TRY_NUMBER='1' AIRFLOW_CTX_DAG_RUN_ID='manual__2026-06-08T08:02:22.361515+00:00'
[2026-06-08T08:02:56.788+0000] {taskinstance.py:430} INFO - ::endgroup::
[2026-06-08T08:02:56.797+0000] {subprocess.py:63} INFO - Tmp dir root location: /tmp
[2026-06-08T08:02:56.798+0000] {subprocess.py:75} INFO - Running command: ['/usr/bin/bash', '-c', 'python -c "import psycopg2; conn=psycopg2.connect(host=\'citus-coordinator\', port=5432, dbname=\'ecommerce_dw\', user=\'readonly_user\', password=\'123456\'); cur=conn.cursor(); cur.execute(\'SELECT COUNT(*) FROM ecommerce_dw.fact_olist_orders\'); count=cur.fetchone()[0]; print(f\'fact_olist_orders row count: {count}\'); assert count == 112650; conn.close()"']
[2026-06-08T08:02:56.803+0000] {subprocess.py:86} INFO - Output:
[2026-06-08T08:02:57.359+0000] {subprocess.py:93} INFO - fact_olist_orders row count: 112650
[2026-06-08T08:02:57.386+0000] {subprocess.py:97} INFO - Command exited with return code 0
[2026-06-08T08:02:57.387+0000] {taskinstance.py:441} INFO - ::group::Post task execution logs
[2026-06-08T08:02:57.405+0000] {taskinstance.py:1206} INFO - Marking task as SUCCESS. dag_id=ecommerce_distributed_dw_etl, task_id=verify_warehouse, run_id=manual__2026-06-08T08:02:22.361515+00:00, execution_date=20260608T080222, start_date=20260608T080256, end_date=20260608T080257
[2026-06-08T08:02:57.424+0000] {local_task_job_runner.py:243} INFO - Task exited with return code 0
[2026-06-08T08:02:57.439+0000] {taskinstance.py:3503} INFO - 0 downstream tasks scheduled from follow-on schedule check
[2026-06-08T08:02:57.440+0000] {local_task_job_runner.py:222} INFO - ::endgroup::
